---
source: crates/cobrust-lsp/tests/snapshot_diagnostics.rs
assertion_line: 175
expression: diags
snapshot_kind: text
---
[
  {
    "range": {
      "start": {
        "line": 0,
        "character": 13
      },
      "end": {
        "line": 0,
        "character": 14
      }
    },
    "severity": 1,
    "code": "lower-unknown-name",
    "source": "cobrust",
    "message": "unknown name `y` at file#101@13..14",
    "relatedInformation": [
      {
        "location": {
          "uri": "cobrust://synthetic",
          "range": {
            "start": {
              "line": 0,
              "character": 13
            },
            "end": {
              "line": 0,
              "character": 14
            }
          }
        },
        "message": "declare with `let <name> = …` first"
      }
    ]
  }
]
