---
source: crates/cobrust-lsp/tests/wave_4_e2e.rs
assertion_line: 361
expression: params
snapshot_kind: text
---
[
  {
    "position": {
      "line": 4,
      "character": 17
    },
    "label": "left:",
    "kind": 2,
    "paddingLeft": false,
    "paddingRight": true,
    "data": {
      "callee": "add",
      "index": 0,
      "kind": "param",
      "param": "left"
    }
  },
  {
    "position": {
      "line": 4,
      "character": 20
    },
    "label": "right:",
    "kind": 2,
    "paddingLeft": false,
    "paddingRight": true,
    "data": {
      "callee": "add",
      "index": 1,
      "kind": "param",
      "param": "right"
    }
  }
]
