---
source: crates/cobrust-dap/tests/dap_handler_snapshots.rs
expression: response.body
snapshot_kind: text
---
{
  "stackFrames": [
    {
      "column": 5,
      "id": 0,
      "line": 8,
      "name": "fib",
      "source": {
        "name": "fib.cb",
        "path": "fib.cb"
      }
    },
    {
      "column": 5,
      "id": 1,
      "line": 12,
      "name": "main",
      "source": {
        "name": "fib.cb",
        "path": "fib.cb"
      }
    }
  ],
  "totalFrames": 2
}
