---
source: crates/cobrust-dap/tests/dap_handler_snapshots.rs
expression: response.body
snapshot_kind: text
---
{
  "supportsConditionalBreakpoints": true,
  "supportsConfigurationDoneRequest": false,
  "supportsEvaluateForHovers": false,
  "supportsFunctionBreakpoints": false,
  "supportsHitConditionalBreakpoints": false,
  "supportsRestartFrame": false,
  "supportsSetVariable": false,
  "supportsStepBack": false,
  "supportsTerminateRequest": true
}
